// Jest Snapshot v1, https://goo.gl/fbAQLP

exports[`ArtistQuestionScreen is rendered correctly 1`] = `
<section
  className="game__screen"
>
  <h2
    className="game__title"
  >
    Кто исполняет эту песню?
  </h2>
  <div
    className="game__track"
  >
    <div
      className="track"
    />
  </div>
  <form
    className="game__artist"
  >
    <div
      className="artist"
    >
      <input
        className="artist__input visually-hidden"
        id="answer-0"
        name="answer"
        onChange={[Function]}
        type="radio"
        value="artist-0"
      />
      <label
        className="artist__name"
        htmlFor="answer-0"
      >
        <img
          alt="John Snow"
          className="artist__picture"
          src="https://lh3.googleusercontent.com/proxy/ELVSk8lMwUNadyXt60N3ckhwjkObTuF7QRCCk5SkhsdUfw7aUO_tFB2XEz99xPS5wePQ9Ey3H6aYGyCAScZbO_1vm6igY_WmCoPkojjNIbdLWOYgbNRPV1xY2h5a5dYL2AWZkt1NM57BkGnBixfw89nTmJSEFsvQvdfgVB-ug4incD1Qe3NUj74"
        />
        John Snow
      </label>
    </div>
    <div
      className="artist"
    >
      <input
        className="artist__input visually-hidden"
        id="answer-1"
        name="answer"
        onChange={[Function]}
        type="radio"
        value="artist-1"
      />
      <label
        className="artist__name"
        htmlFor="answer-1"
      >
        <img
          alt="Jack Daniels"
          className="artist__picture"
          src="https://lh3.googleusercontent.com/proxy/ELVSk8lMwUNadyXt60N3ckhwjkObTuF7QRCCk5SkhsdUfw7aUO_tFB2XEz99xPS5wePQ9Ey3H6aYGyCAScZbO_1vm6igY_WmCoPkojjNIbdLWOYgbNRPV1xY2h5a5dYL2AWZkt1NM57BkGnBixfw89nTmJSEFsvQvdfgVB-ug4incD1Qe3NUj74"
        />
        Jack Daniels
      </label>
    </div>
    <div
      className="artist"
    >
      <input
        className="artist__input visually-hidden"
        id="answer-2"
        name="answer"
        onChange={[Function]}
        type="radio"
        value="artist-2"
      />
      <label
        className="artist__name"
        htmlFor="answer-2"
      >
        <img
          alt="Jim Beam"
          className="artist__picture"
          src="https://lh3.googleusercontent.com/proxy/ELVSk8lMwUNadyXt60N3ckhwjkObTuF7QRCCk5SkhsdUfw7aUO_tFB2XEz99xPS5wePQ9Ey3H6aYGyCAScZbO_1vm6igY_WmCoPkojjNIbdLWOYgbNRPV1xY2h5a5dYL2AWZkt1NM57BkGnBixfw89nTmJSEFsvQvdfgVB-ug4incD1Qe3NUj74"
        />
        Jim Beam
      </label>
    </div>
  </form>
</section>
`;
